mult1by.dvm 
            

 names of parameters as follows : 
b(1) == amplitude, 1st harm.
b(2) == amplitude, 3rd harm.
b(3) == amplitude, 5rd harm.
....                        
b(n) == amplitude, n^th harm.
b(n+1) == lambda, mm.
b(n+2) == x0, 1st harm, mm.
b(n+3) == x0, 3rd harm, mm.
b(n+4) == x0, 5th harm, mm.
....
b(nparm) == x0, n^th harm, mm.

 parameters:
   1  7.0262021E-01
   2 -3.8084988E-03
   3 -6.5591424E-03
   4  8.6667118E-05
   5 -1.5689278E-04
   6  5.5979576E+01
   7  1.0367222E+03
   8  1.0468158E+03
   9  1.0424795E+03
  10 -2.9937753E-01
  11  1.3205370E+00
 number of iterations:   10
     sumsq:  2.31969E-02
       rms:  3.81839E-03  dimension of magnetic field
       rms:  5.43448E-01  percent of b_eff
   rms_ext:  4.42357E-01  percent of b_eff
 B_eff =   7.0262E-01
 B_max =   7.1295E-01
 K_eff =    3.675
 lamda_1 (nm) =     19.69431

        eigenvectors in parameter space

 error                         direction
     1.99,  0.00  0.00  0.00  0.00  0.00  0.00  0.00  0.00  0.00  1.00  0.00
     0.86,  0.00  0.00  0.00  0.00  0.00  0.00  0.00  0.00  0.00  0.00  1.00
     0.11,  0.00  0.00  0.00  0.00  0.00  0.00  0.00  1.00  0.00  0.00  0.00
     0.04,  0.00  0.00  0.00  0.00  0.00  0.00  0.00  0.00  1.00  0.00  0.00
     0.00,  0.00  0.00  0.00  0.00  0.00 -0.05  1.00  0.00  0.00  0.00  0.00
     0.00,  0.01  0.01  0.00  0.00  0.00  1.00  0.05  0.00  0.00  0.00  0.00
     0.00, -0.52  0.33  0.65 -0.12  0.42  0.00  0.00  0.00  0.00  0.00  0.00
     0.00,  0.03  0.71 -0.50  0.35  0.36  0.00  0.00  0.00  0.00  0.00  0.00
     0.00, -0.26 -0.49  0.02  0.80  0.25  0.00  0.00  0.00  0.00  0.00  0.00
     0.00,  0.63 -0.22  0.13 -0.15  0.71  0.00  0.00  0.00  0.00  0.00  0.00
     0.00,  0.51  0.32  0.55  0.45 -0.35  0.00  0.00  0.00  0.00  0.00  0.00
   
  calculated kicks for trajectory compensation: 
 kick_1:  -0.13463 Tmm
 kick_2:   0.13463 Tmm
      
 the rms value of the second derivative is  0.00000E+00
 the maximum value of the second derivative is  0.00000E+00
      
 the maximum transverse movement of the electron in mu_meter
                  (peak to peak) is  0.27584E+02
      
 the truncated data set has only   1591 data points 
      
 the rms value of the residuals is  0.38184E-02
 the maximum residual is  0.15858E-01
      
 the rms value of the lambda/2-filtered data is  0.26670E-01
 the maximum value of the lambda/2-filtered data is  0.21194E+00
      
 the rms phase error (all data) is    2.801 deg.
 the maximum phase error (all data) is    7.603 deg.
      
 the rms phase error (extrema) is    3.414 deg.
 the maximum phase error (extrema) is    8.698 deg.
      
 the Walker-rms phase error (all data) is   17.801 deg.
 the Walker-maximum phase error (all data) is   30.934 deg.
      
 the Walker-rms phase error (extrema) is    3.128 deg.
 the Walker-maximum phase error (extrema) is    6.862 deg.
  
  phase: straight line subtracted
 -----------------------------------------
 total phase error             2.800580    
 local phase error             2.350925    
 slowly varying phase error   0.7789533    
 oscillatory phase error       1.307528    
 -----------------------------------------
