mult24bz.dvm
            

 names of parameters as follows : 
b(1) == amplitude, 1st harm.
b(2) == amplitude, 3rd harm.
b(3) == amplitude, 5rd harm.
....                        
b(n) == amplitude, n^th harm.
b(n+1) == lambda, mm.
b(n+2) == x0, 1st harm, mm.
b(n+3) == x0, 3rd harm, mm.
b(n+4) == x0, 5th harm, mm.
....
b(nparm) == x0, n^th harm, mm.

 parameters:
   1 -6.6341008E-03
   2  3.6752524E-05
   3  6.6215369E-05
   4 -3.7243021E-06
   5 -2.2251802E-06
   6  5.5959385E+01
   7  1.0463323E+03
   8  1.0483943E+03
   9  1.3490233E+03
  10  3.2291653E+00
  11  1.6502836E+00
 number of iterations:    9
     sumsq:  4.18122E-03
       rms:  1.62163E-03  dimension of magnetic field
       rms:  2.44438E+01  percent of b_eff
   rms_ext:  9.84407E+00  percent of b_eff
 B_eff =   6.6341E-03
 B_max =  -6.5409E-03
 K_eff =    0.035
 lamda_1 (nm) =      2.54181

        eigenvectors in parameter space

 error                         direction
    25.68,  0.00  0.00  0.00  0.00  0.00  0.00  0.00  0.00  0.00  0.00  1.00
    19.72,  0.00  0.00  0.00  0.00  0.00  0.00  0.00  0.00  0.00  1.00  0.00
     4.66,  0.00  0.00  0.00  0.00  0.00  0.00  0.00  1.00  0.00  0.00  0.00
     1.55,  0.00  0.00  0.00  0.00  0.00  0.00  0.00  0.00  1.00  0.00  0.00
     0.09,  0.00  0.00  0.00  0.00  0.00 -0.05  1.00  0.00  0.00  0.00  0.00
     0.01,  0.00  0.00  0.00  0.00  0.00  1.00  0.05  0.00  0.00  0.00  0.00
     0.00,  0.73  0.15  0.07  0.42 -0.52  0.00  0.00  0.00  0.00  0.00  0.00
     0.00, -0.14  0.12  0.88 -0.32 -0.30  0.00  0.00  0.00  0.00  0.00  0.00
     0.00,  0.66 -0.10  0.03 -0.62  0.40  0.00  0.00  0.00  0.00  0.00  0.00
     0.00,  0.01  0.92  0.04  0.10  0.37  0.00  0.00  0.00  0.00  0.00  0.00
     0.00,  0.10 -0.32  0.47  0.57  0.59  0.00  0.00  0.00  0.00  0.00  0.00
   
  calculated kicks for trajectory compensation: 
 kick_1:  -0.18809 Tmm
 kick_2:   0.18809 Tmm
      
 the rms value of the second derivative is  0.00000E+00
 the maximum value of the second derivative is  0.00000E+00
      
 the maximum transverse movement of the electron in mu_meter
                  (peak to peak) is  0.87009E+01
      
 the truncated data set has only   1590 data points 
      
 the rms value of the residuals is  0.16216E-02
 the maximum residual is  0.48739E-02
      
 the rms value of the lambda/2-filtered data is  0.14052E-02
 the maximum value of the lambda/2-filtered data is  0.11245E-01
      
 the rms phase error (all data) is    1.408 deg.
 the maximum phase error (all data) is    4.159 deg.
      
 the rms phase error (extrema) is    5.097 deg.
 the maximum phase error (extrema) is   10.830 deg.
      
 the Walker-rms phase error (all data) is    1.408 deg.
 the Walker-maximum phase error (all data) is    4.209 deg.
      
 the Walker-rms phase error (extrema) is    1.195 deg.
 the Walker-maximum phase error (extrema) is    2.938 deg.
  
  phase: straight line subtracted
 -----------------------------------------
 total phase error             1.408000    
 local phase error            0.6465464    
 slowly varying phase error  NaN           
 oscillatory phase error     NaN           
 -----------------------------------------
