mult28bz.dvm
            

 names of parameters as follows : 
b(1) == amplitude, 1st harm.
b(2) == amplitude, 3rd harm.
b(3) == amplitude, 5rd harm.
....                        
b(n) == amplitude, n^th harm.
b(n+1) == lambda, mm.
b(n+2) == x0, 1st harm, mm.
b(n+3) == x0, 3rd harm, mm.
b(n+4) == x0, 5th harm, mm.
....
b(nparm) == x0, n^th harm, mm.

 parameters:
   1 -1.7119166E-03
   2 -1.9464582E-05
   3  1.4704451E-05
   4  7.4461894E-07
   5  3.0417038E-06
   6  5.5520809E+01
   7  1.0413180E+03
   8  1.0450739E+03
   9  1.0462281E+03
  10  7.6066309E-01
  11  3.1399336E+01
 number of iterations:   21
     sumsq:  6.53784E-03
       rms:  2.02777E-03  dimension of magnetic field
       rms:  1.18449E+02  percent of b_eff
   rms_ext:  1.63672E+01  percent of b_eff
 B_eff =   1.7119E-03
 B_max =  -1.7318E-03
 K_eff =    0.009
 lamda_1 (nm) =      2.54038

        eigenvectors in parameter space

 error                         direction
   122.31,  0.00  0.00  0.00  0.00  0.00  0.00  0.00  0.00  0.00  1.00  0.00
    23.31,  0.00  0.00  0.00  0.00  0.00  0.00  0.00  0.00  0.00  0.00  1.00
    10.92,  0.00  0.00  0.00  0.00  0.00  0.00  0.00  1.00 -0.01  0.00  0.00
     8.68,  0.00  0.00  0.00  0.00  0.00  0.00  0.00  0.01  1.00  0.00  0.00
     0.42,  0.00  0.00  0.00  0.00  0.00 -0.05  1.00  0.00  0.00  0.00  0.00
     0.04,  0.00  0.00  0.00  0.00  0.00  1.00  0.05  0.00  0.00  0.00  0.00
     0.00,  0.40  0.63  0.59  0.29  0.08  0.00  0.00  0.00  0.00  0.00  0.00
     0.00, -0.56 -0.20  0.27  0.73 -0.21  0.00  0.00  0.00  0.00  0.00  0.00
     0.00, -0.20  0.03 -0.11  0.16  0.96  0.00  0.00  0.00  0.00  0.00  0.00
     0.00,  0.66 -0.32 -0.38  0.56  0.01  0.00  0.00  0.00  0.00  0.00  0.00
     0.00, -0.22  0.67 -0.65  0.20 -0.17  0.00  0.00  0.00  0.00  0.00  0.00
   
  calculated kicks for trajectory compensation: 
 kick_1:  -0.17692 Tmm
 kick_2:   0.17692 Tmm
      
 the rms value of the second derivative is  0.00000E+00
 the maximum value of the second derivative is  0.00000E+00
      
 the maximum transverse movement of the electron in mu_meter
                  (peak to peak) is  0.41881E+01
      
 the truncated data set has only   1590 data points 
      
 the rms value of the residuals is  0.20278E-02
 the maximum residual is  0.85106E-02
      
 the rms value of the lambda/2-filtered data is  0.14199E-02
 the maximum value of the lambda/2-filtered data is  0.98994E-02
      
 the rms phase error (all data) is    1.708 deg.
 the maximum phase error (all data) is    3.620 deg.
      
 the rms phase error (extrema) is    5.672 deg.
 the maximum phase error (extrema) is    7.996 deg.
      
 the Walker-rms phase error (all data) is    1.708 deg.
 the Walker-maximum phase error (all data) is    3.618 deg.
      
 the Walker-rms phase error (extrema) is    2.006 deg.
 the Walker-maximum phase error (extrema) is    2.796 deg.
  
  phase: straight line subtracted
 -----------------------------------------
 total phase error             1.708370    
 local phase error            0.5638323    
 slowly varying phase error  NaN           
 oscillatory phase error     NaN           
 -----------------------------------------
