mult5bz.dvm 
            

 names of parameters as follows : 
b(1) == amplitude, 1st harm.
b(2) == amplitude, 3rd harm.
b(3) == amplitude, 5rd harm.
....                        
b(n) == amplitude, n^th harm.
b(n+1) == lambda, mm.
b(n+2) == x0, 1st harm, mm.
b(n+3) == x0, 3rd harm, mm.
b(n+4) == x0, 5th harm, mm.
....
b(nparm) == x0, n^th harm, mm.

 parameters:
   1 -9.9140061E-03
   2 -6.0867544E-05
   3  7.9913028E-05
   4 -7.4703865E-07
   5  1.7711571E-07
   6  5.5967312E+01
   7  1.0487063E+03
   8  1.1697703E+03
   9  8.1182996E+02
  10  1.8412544E+01
  11  3.2435141E+00
 number of iterations:   16
     sumsq:  4.50645E-03
       rms:  1.68299E-03  dimension of magnetic field
       rms:  1.69758E+01  percent of b_eff
   rms_ext:  8.08194E+00  percent of b_eff
 B_eff =   9.9140E-03
 B_max =  -9.8117E-03
 K_eff =    0.052
 lamda_1 (nm) =      2.54370

        eigenvectors in parameter space

 error                         direction
   334.52,  0.00  0.00  0.00  0.00  0.00  0.00  0.00  0.00  0.00  0.00  1.00
   102.03,  0.00  0.00  0.00  0.00  0.00  0.00  0.00  0.00  0.00  1.00  0.00
     2.92,  0.00  0.00  0.00  0.00  0.00  0.00  0.00  1.00  0.00  0.00  0.00
     1.34,  0.00  0.00  0.00  0.00  0.00  0.00  0.00  0.00  1.00  0.00  0.00
     0.06,  0.00  0.00  0.00  0.00  0.00 -0.05  1.00  0.00  0.00  0.00  0.00
     0.01,  0.00  0.00  0.00  0.00  0.00  1.00  0.05  0.00  0.00  0.00  0.00
     0.00,  0.83 -0.44  0.22 -0.23 -0.10  0.00  0.00  0.00  0.00  0.00  0.00
     0.00, -0.43 -0.18  0.74 -0.45 -0.16  0.00  0.00  0.00  0.00  0.00  0.00
     0.00, -0.13 -0.55  0.21  0.45  0.66  0.00  0.00  0.00  0.00  0.00  0.00
     0.00,  0.19  0.49  0.11 -0.45  0.72  0.00  0.00  0.00  0.00  0.00  0.00
     0.00,  0.25  0.49  0.59  0.58 -0.13  0.00  0.00  0.00  0.00  0.00  0.00
   
  calculated kicks for trajectory compensation: 
 kick_1:   0.28600 Tmm
 kick_2:  -0.28600 Tmm
      
 the rms value of the second derivative is  0.00000E+00
 the maximum value of the second derivative is  0.00000E+00
      
 the maximum transverse movement of the electron in mu_meter
                  (peak to peak) is  0.75358E+01
      
 the truncated data set has only   1591 data points 
      
 the rms value of the residuals is  0.16830E-02
 the maximum residual is  0.48646E-02
      
 the rms value of the lambda/2-filtered data is  0.18225E-02
 the maximum value of the lambda/2-filtered data is  0.15957E-01
      
 the rms phase error (all data) is    1.603 deg.
 the maximum phase error (all data) is    3.602 deg.
      
 the rms phase error (extrema) is    4.982 deg.
 the maximum phase error (extrema) is    8.196 deg.
      
 the Walker-rms phase error (all data) is    1.605 deg.
 the Walker-maximum phase error (all data) is    3.569 deg.
      
 the Walker-rms phase error (extrema) is    1.576 deg.
 the Walker-maximum phase error (extrema) is    3.791 deg.
  
  phase: straight line subtracted
 -----------------------------------------
 total phase error             1.602798    
 local phase error            0.6366987    
 slowly varying phase error  NaN           
 oscillatory phase error     NaN           
 -----------------------------------------
