mult20by.dvm
            

 names of parameters as follows : 
b(1) == amplitude, 1st harm.
b(2) == amplitude, 3rd harm.
b(3) == amplitude, 5rd harm.
....                        
b(n) == amplitude, n^th harm.
b(n+1) == lambda, mm.
b(n+2) == x0, 1st harm, mm.
b(n+3) == x0, 3rd harm, mm.
b(n+4) == x0, 5th harm, mm.
....
b(nparm) == x0, n^th harm, mm.

 parameters:
   1  1.0133107E+00
   2 -1.0042348E-02
   3 -9.6678734E-03
   4 -1.5918986E-04
   5  2.3962396E-04
   6  5.5981113E+01
   7  1.0438661E+03
   8  1.0435869E+03
   9  1.0439296E+03
  10  2.8491873E-01
  11  1.1266462E+01
 number of iterations:    6
     sumsq:  3.78613E-02
       rms:  4.87977E-03  dimension of magnetic field
       rms:  4.81563E-01  percent of b_eff
   rms_ext:  4.67396E-01  percent of b_eff
 B_eff =   1.0133E+00
 B_max =   9.9405E-01
 K_eff =    5.300
 lamda_1 (nm) =     38.21933

        eigenvectors in parameter space

 error                         direction
     1.39,  0.00  0.00  0.00  0.00  0.00  0.00  0.00  0.00  0.00  1.00  0.00
     0.72,  0.00  0.00  0.00  0.00  0.00  0.00  0.00  0.00  0.00  0.00  1.00
     0.05,  0.00  0.00  0.00  0.00  0.00  0.00  0.00  1.00  0.00  0.00  0.00
     0.03,  0.00  0.00  0.00  0.00  0.00  0.00  0.00  0.00  1.00  0.00  0.00
     0.00,  0.00  0.00  0.00  0.00  0.00 -0.05  1.00  0.00  0.00  0.00  0.00
     0.00,  0.66 -0.47 -0.31 -0.43  0.25 -0.07  0.00  0.00  0.00  0.00  0.00
     0.00,  0.13  0.38  0.68 -0.57  0.24  0.01  0.00  0.00  0.00  0.00  0.00
     0.00,  0.71  0.55 -0.03  0.43 -0.14  0.00  0.00  0.00  0.00  0.00  0.00
     0.00, -0.15  0.26 -0.28  0.19  0.89  0.02  0.00  0.00  0.00  0.00  0.00
     0.00,  0.17 -0.52  0.61  0.52  0.25 -0.04  0.00  0.00  0.00  0.00  0.00
     0.00,  0.06 -0.06  0.00 -0.01  0.00  1.00  0.05  0.00  0.00  0.00  0.00
   
  calculated kicks for trajectory compensation: 
 kick_1:  -0.23054 Tmm
 kick_2:   0.23054 Tmm
      
 the rms value of the second derivative is  0.00000E+00
 the maximum value of the second derivative is  0.00000E+00
      
 the maximum transverse movement of the electron in mu_meter
                  (peak to peak) is  0.33976E+02
      
 the truncated data set has only   1590 data points 
      
 the rms value of the residuals is  0.48798E-02
 the maximum residual is  0.18114E-01
      
 the rms value of the lambda/2-filtered data is  0.36005E-01
 the maximum value of the lambda/2-filtered data is  0.28463E+00
      
 the rms phase error (all data) is    2.880 deg.
 the maximum phase error (all data) is    9.420 deg.
      
 the rms phase error (extrema) is    3.413 deg.
 the maximum phase error (extrema) is    9.667 deg.
      
 the Walker-rms phase error (all data) is   19.196 deg.
 the Walker-maximum phase error (all data) is   34.886 deg.
      
 the Walker-rms phase error (extrema) is    3.678 deg.
 the Walker-maximum phase error (extrema) is    9.253 deg.
  
  phase: straight line subtracted
 -----------------------------------------
 total phase error             2.879538    
 local phase error             2.544310    
 slowly varying phase error   0.9309996    
 oscillatory phase error      0.9754300    
 -----------------------------------------
