mult31bz.dvm
            

 names of parameters as follows : 
b(1) == amplitude, 1st harm.
b(2) == amplitude, 3rd harm.
b(3) == amplitude, 5rd harm.
....                        
b(n) == amplitude, n^th harm.
b(n+1) == lambda, mm.
b(n+2) == x0, 1st harm, mm.
b(n+3) == x0, 3rd harm, mm.
b(n+4) == x0, 5th harm, mm.
....
b(nparm) == x0, n^th harm, mm.

 parameters:
   1  9.9458527E-03
   2 -6.0479179E-05
   3  1.7457563E-04
   4 -1.1297642E-05
   5 -8.1331734E-07
   6  5.5908245E+01
   7  1.0482012E+03
   8  1.0454579E+03
   9  1.0409915E+03
  10  3.5345793E+00
  11  1.0186280E+01
 number of iterations:   13
     sumsq:  9.52746E-03
       rms:  2.44788E-03  dimension of magnetic field
       rms:  2.46119E+01  percent of b_eff
   rms_ext:  2.57852E+01  percent of b_eff
 B_eff =   9.9459E-03
 B_max =   9.7983E-03
 K_eff =    0.052
 lamda_1 (nm) =      2.54372

        eigenvectors in parameter space

 error                         direction
   105.90,  0.00  0.00  0.00  0.00  0.00  0.00  0.00  0.00  0.00  0.00  1.00
     9.81,  0.00  0.00  0.00  0.00  0.00  0.00  0.00  0.00  0.00  1.00  0.00
     4.27,  0.00  0.00  0.00  0.00  0.00  0.00  0.00  1.00  0.00  0.00  0.00
     0.89,  0.00  0.00  0.00  0.00  0.00  0.00  0.00  0.00  1.00  0.00  0.00
     0.09,  0.00  0.00  0.00  0.00  0.00 -0.05  1.00  0.00  0.00  0.00  0.00
     0.01,  0.00  0.00  0.00  0.00  0.00  1.00  0.05  0.00  0.00  0.00  0.00
     0.00,  0.74 -0.53  0.35 -0.18 -0.11  0.00  0.00  0.00  0.00  0.00  0.00
     0.00, -0.30 -0.19  0.71  0.54  0.28  0.00  0.00  0.00  0.00  0.00  0.00
     0.00,  0.57  0.68  0.07  0.45  0.01  0.00  0.00  0.00  0.00  0.00  0.00
     0.00,  0.14  0.10 -0.02 -0.34  0.92  0.00  0.00  0.00  0.00  0.00  0.00
     0.00, -0.14  0.45  0.60 -0.59 -0.24  0.00  0.00  0.00  0.00  0.00  0.00
   
  calculated kicks for trajectory compensation: 
 kick_1:  -0.12215 Tmm
 kick_2:   0.12215 Tmm
      
 the rms value of the second derivative is  0.00000E+00
 the maximum value of the second derivative is  0.00000E+00
      
 the maximum transverse movement of the electron in mu_meter
                  (peak to peak) is  0.16902E+02
      
 the truncated data set has only   1590 data points 
      
 the rms value of the residuals is  0.24479E-02
 the maximum residual is  0.85082E-02
      
 the rms value of the lambda/2-filtered data is  0.13915E-02
 the maximum value of the lambda/2-filtered data is  0.83529E-02
      
 the rms phase error (all data) is    3.151 deg.
 the maximum phase error (all data) is    7.312 deg.
      
 the rms phase error (extrema) is   21.664 deg.
 the maximum phase error (extrema) is   35.258 deg.
      
 the Walker-rms phase error (all data) is    3.153 deg.
 the Walker-maximum phase error (all data) is    7.280 deg.
      
 the Walker-rms phase error (extrema) is    3.061 deg.
 the Walker-maximum phase error (extrema) is    7.212 deg.
  
  phase: straight line subtracted
 -----------------------------------------
 total phase error             3.151212    
 local phase error             1.561425    
 slowly varying phase error  NaN           
 oscillatory phase error     NaN           
 -----------------------------------------
