mult22by.dvm
            

 names of parameters as follows : 
b(1) == amplitude, 1st harm.
b(2) == amplitude, 3rd harm.
b(3) == amplitude, 5rd harm.
....                        
b(n) == amplitude, n^th harm.
b(n+1) == lambda, mm.
b(n+2) == x0, 1st harm, mm.
b(n+3) == x0, 3rd harm, mm.
b(n+4) == x0, 5th harm, mm.
....
b(nparm) == x0, n^th harm, mm.

 parameters:
   1  1.0117347E+00
   2 -1.0292354E-02
   3 -9.7103529E-03
   4 -1.2728779E-04
   5  2.5515765E-04
   6  5.5981258E+01
   7  1.0438552E+03
   8  1.0435883E+03
   9  1.0439222E+03
  10  1.9354346E-01
  11  2.9974539E+01
 number of iterations:    7
     sumsq:  4.44014E-02
       rms:  5.28279E-03  dimension of magnetic field
       rms:  5.22148E-01  percent of b_eff
   rms_ext:  4.94841E-01  percent of b_eff
 B_eff =   1.0117E+00
 B_max =   9.9216E-01
 K_eff =    5.292
 lamda_1 (nm) =     38.10846

        eigenvectors in parameter space

 error                         direction
     1.88,  0.00  0.00  0.00  0.00  0.00  0.00  0.00  0.00  0.00  1.00  0.00
     0.73,  0.00  0.00  0.00  0.00  0.00  0.00  0.00  0.00  0.00  0.00  1.00
     0.05,  0.00  0.00  0.00  0.00  0.00  0.00  0.00  1.00  0.00  0.00  0.00
     0.03,  0.00  0.00  0.00  0.00  0.00  0.00  0.00  0.00  1.00  0.00  0.00
     0.00,  0.00  0.00  0.00  0.00  0.00 -0.05  1.00  0.00  0.00  0.00  0.00
     0.00,  0.67 -0.40 -0.36 -0.39  0.33 -0.07  0.00  0.00  0.00  0.00  0.00
     0.00,  0.12  0.40  0.66 -0.57  0.28  0.01  0.00  0.00  0.00  0.00  0.00
     0.00,  0.69  0.54  0.01  0.44 -0.21  0.00  0.00  0.00  0.00  0.00  0.00
     0.00, -0.18  0.30 -0.23  0.32  0.85  0.01  0.00  0.00  0.00  0.00  0.00
     0.00,  0.18 -0.54  0.62  0.49  0.22 -0.04  0.00  0.00  0.00  0.00  0.00
     0.00,  0.06 -0.06  0.00  0.00  0.02  1.00  0.05  0.00  0.00  0.00  0.00
   
  calculated kicks for trajectory compensation: 
 kick_1:  -0.08627 Tmm
 kick_2:   0.08627 Tmm
      
 the rms value of the second derivative is  0.00000E+00
 the maximum value of the second derivative is  0.00000E+00
      
 the maximum transverse movement of the electron in mu_meter
                  (peak to peak) is  0.34255E+02
      
 the truncated data set has only   1591 data points 
      
 the rms value of the residuals is  0.52827E-02
 the maximum residual is  0.18579E-01
      
 the rms value of the lambda/2-filtered data is  0.35885E-01
 the maximum value of the lambda/2-filtered data is  0.27604E+00
      
 the rms phase error (all data) is    2.800 deg.
 the maximum phase error (all data) is    9.431 deg.
      
 the rms phase error (extrema) is    3.359 deg.
 the maximum phase error (extrema) is    9.447 deg.
      
 the Walker-rms phase error (all data) is   19.181 deg.
 the Walker-maximum phase error (all data) is   34.692 deg.
      
 the Walker-rms phase error (extrema) is    3.662 deg.
 the Walker-maximum phase error (extrema) is    9.198 deg.
  
  phase: straight line subtracted
 -----------------------------------------
 total phase error             2.799921    
 local phase error             2.746741    
 slowly varying phase error  NaN           
 oscillatory phase error      0.8621732    
 -----------------------------------------
