mult21bz.dvm
            

 names of parameters as follows : 
b(1) == amplitude, 1st harm.
b(2) == amplitude, 3rd harm.
b(3) == amplitude, 5rd harm.
....                        
b(n) == amplitude, n^th harm.
b(n+1) == lambda, mm.
b(n+2) == x0, 1st harm, mm.
b(n+3) == x0, 3rd harm, mm.
b(n+4) == x0, 5th harm, mm.
....
b(nparm) == x0, n^th harm, mm.

 parameters:
   1 -7.5221965E-03
   2  2.9508672E-05
   3 -7.0119211E-05
   4  7.4803188E-06
   5 -2.7199790E-06
   6  5.5974438E+01
   7  1.0450031E+03
   8  1.0468633E+03
   9  1.0409921E+03
  10  1.6438439E-01
  11  2.5723448E+00
 number of iterations:   12
     sumsq:  5.95680E-03
       rms:  1.93557E-03  dimension of magnetic field
       rms:  2.57313E+01  percent of b_eff
   rms_ext:  1.78273E+01  percent of b_eff
 B_eff =   7.5222E-03
 B_max =  -7.4559E-03
 K_eff =    0.039
 lamda_1 (nm) =      2.54225

        eigenvectors in parameter space

 error                         direction
    25.06,  0.00  0.00  0.00  0.00  0.00  0.00  0.00  0.00  0.00  0.00  1.00
    11.72,  0.00  0.00  0.00  0.00  0.00  0.00  0.00  0.00  0.00  1.00  0.00
     6.93,  0.00  0.00  0.00  0.00  0.00  0.00  0.00  1.00  0.00  0.00  0.00
     1.75,  0.00  0.00  0.00  0.00  0.00  0.00  0.00  0.00  1.00  0.00  0.00
     0.09,  0.00  0.00  0.00  0.00  0.00 -0.05  1.00  0.00  0.00  0.00  0.00
     0.01,  0.00  0.00  0.00  0.00  0.00  1.00  0.05  0.00  0.00  0.00  0.00
     0.00, -0.24  0.67 -0.43 -0.40 -0.38  0.00  0.00  0.00  0.00  0.00  0.00
     0.00,  0.80  0.06  0.28 -0.46 -0.23  0.00  0.00  0.00  0.00  0.00  0.00
     0.00,  0.46  0.50 -0.31  0.40  0.53  0.00  0.00  0.00  0.00  0.00  0.00
     0.00, -0.29  0.41  0.65 -0.31  0.49  0.00  0.00  0.00  0.00  0.00  0.00
     0.00,  0.01  0.36  0.47  0.61 -0.53  0.00  0.00  0.00  0.00  0.00  0.00
   
  calculated kicks for trajectory compensation: 
 kick_1:  -0.12693 Tmm
 kick_2:   0.12693 Tmm
      
 the rms value of the second derivative is  0.00000E+00
 the maximum value of the second derivative is  0.00000E+00
      
 the maximum transverse movement of the electron in mu_meter
                  (peak to peak) is  0.54551E+01
      
 the truncated data set has only   1590 data points 
      
 the rms value of the residuals is  0.19356E-02
 the maximum residual is  0.62121E-02
      
 the rms value of the lambda/2-filtered data is  0.13947E-02
 the maximum value of the lambda/2-filtered data is  0.85019E-02
      
 the rms phase error (all data) is    1.216 deg.
 the maximum phase error (all data) is    3.668 deg.
      
 the rms phase error (extrema) is    3.784 deg.
 the maximum phase error (extrema) is    8.874 deg.
      
 the Walker-rms phase error (all data) is    1.217 deg.
 the Walker-maximum phase error (all data) is    3.636 deg.
      
 the Walker-rms phase error (extrema) is    1.260 deg.
 the Walker-maximum phase error (extrema) is    2.743 deg.
  
  phase: straight line subtracted
 -----------------------------------------
 total phase error             1.215740    
 local phase error            0.5189168    
 slowly varying phase error  NaN           
 oscillatory phase error     NaN           
 -----------------------------------------
