mult27bz.dvm
            

 names of parameters as follows : 
b(1) == amplitude, 1st harm.
b(2) == amplitude, 3rd harm.
b(3) == amplitude, 5rd harm.
....                        
b(n) == amplitude, n^th harm.
b(n+1) == lambda, mm.
b(n+2) == x0, 1st harm, mm.
b(n+3) == x0, 3rd harm, mm.
b(n+4) == x0, 5th harm, mm.
....
b(nparm) == x0, n^th harm, mm.

 parameters:
   1 -4.1663898E-03
   2 -3.8069145E-05
   3 -4.1691579E-05
   4 -5.2555979E-06
   5 -3.4666759E-06
   6  5.5960224E+01
   7  1.0454255E+03
   8  1.0451896E+03
   9  1.0076956E+03
  10 -1.8159506E+02
  11  5.3045928E-01
 number of iterations:   17
     sumsq:  5.17527E-03
       rms:  1.80356E-03  dimension of magnetic field
       rms:  4.32881E+01  percent of b_eff
   rms_ext:  1.07862E+01  percent of b_eff
 B_eff =   4.1664E-03
 B_max =  -4.1736E-03
 K_eff =    0.022
 lamda_1 (nm) =      2.54088

        eigenvectors in parameter space

 error                         direction
    18.32,  0.00  0.00  0.00  0.00  0.00  0.00  0.00  0.00  0.00 -0.01  1.00
    15.55,  0.00  0.00  0.00  0.00  0.00  0.00  0.00  0.00  0.00  1.00  0.01
     5.00,  0.00  0.00  0.00  0.00  0.00  0.00  0.00  1.00  0.00  0.00  0.00
     2.74,  0.00  0.00  0.00  0.00  0.00  0.00  0.00  0.00  1.00  0.00  0.00
     0.15,  0.00  0.00  0.00  0.00  0.00 -0.05  1.00  0.00  0.00  0.00  0.00
     0.01,  0.00  0.00  0.00  0.00  0.00  1.00  0.05  0.00  0.00  0.00  0.00
     0.00,  0.78  0.03 -0.05 -0.49  0.40  0.00  0.00  0.00  0.00  0.00  0.00
     0.00,  0.16  0.90 -0.08  0.38  0.08  0.00  0.00  0.00  0.00  0.00  0.00
     0.00,  0.54 -0.21  0.53  0.47 -0.41  0.00  0.00  0.00  0.00  0.00  0.00
     0.00, -0.25  0.03  0.72  0.06  0.65  0.00  0.00  0.00  0.00  0.00  0.00
     0.00,  0.13 -0.37 -0.45  0.63  0.50  0.00  0.00  0.00  0.00  0.00  0.00
   
  calculated kicks for trajectory compensation: 
 kick_1:  -0.23429 Tmm
 kick_2:   0.23429 Tmm
      
 the rms value of the second derivative is  0.00000E+00
 the maximum value of the second derivative is  0.00000E+00
      
 the maximum transverse movement of the electron in mu_meter
                  (peak to peak) is  0.78366E+01
      
 the truncated data set has only   1591 data points 
      
 the rms value of the residuals is  0.18036E-02
 the maximum residual is  0.68729E-02
      
 the rms value of the lambda/2-filtered data is  0.15472E-02
 the maximum value of the lambda/2-filtered data is  0.13099E-01
      
 the rms phase error (all data) is    1.342 deg.
 the maximum phase error (all data) is    2.934 deg.
      
 the rms phase error (extrema) is    5.321 deg.
 the maximum phase error (extrema) is    7.417 deg.
      
 the Walker-rms phase error (all data) is    1.344 deg.
 the Walker-maximum phase error (all data) is    3.010 deg.
      
 the Walker-rms phase error (extrema) is    1.710 deg.
 the Walker-maximum phase error (extrema) is    2.155 deg.
  
  phase: straight line subtracted
 -----------------------------------------
 total phase error             1.341981    
 local phase error            0.5955862    
 slowly varying phase error  NaN           
 oscillatory phase error     NaN           
 -----------------------------------------
