mult14by.dvm
            

 names of parameters as follows : 
b(1) == amplitude, 1st harm.
b(2) == amplitude, 3rd harm.
b(3) == amplitude, 5rd harm.
....                        
b(n) == amplitude, n^th harm.
b(n+1) == lambda, mm.
b(n+2) == x0, 1st harm, mm.
b(n+3) == x0, 3rd harm, mm.
b(n+4) == x0, 5th harm, mm.
....
b(nparm) == x0, n^th harm, mm.

 parameters:
   1  1.0040141E+00
   2 -9.6853217E-03
   3 -9.3255443E-03
   4 -1.2914606E-04
   5  2.4533065E-04
   6  5.5980743E+01
   7  1.0439056E+03
   8  1.0436401E+03
   9  1.0440050E+03
  10  9.7106978E-02
  11 -8.8059956E-01
 number of iterations:   11
     sumsq:  2.49447E-02
       rms:  3.95962E-03  dimension of magnetic field
       rms:  3.94377E-01  percent of b_eff
   rms_ext:  3.70257E-01  percent of b_eff
 B_eff =   1.0040E+00
 B_max =   9.8543E-01
 K_eff =    5.251
 lamda_1 (nm) =     37.56764

        eigenvectors in parameter space

 error                         direction
     1.39,  0.00  0.00  0.00  0.00  0.00  0.00  0.00  0.00  0.00  1.00  0.00
     0.57,  0.00  0.00  0.00  0.00  0.00  0.00  0.00  0.00  0.00  0.00  1.00
     0.04,  0.00  0.00  0.00  0.00  0.00  0.00  0.00  1.00  0.00  0.00  0.00
     0.03,  0.00  0.00  0.00  0.00  0.00  0.00  0.00  0.00  1.00  0.00  0.00
     0.00,  0.00  0.00  0.00  0.00  0.00 -0.05  1.00  0.00  0.00  0.00  0.00
     0.00,  0.69 -0.43 -0.50 -0.19  0.21 -0.08  0.00  0.00  0.00  0.00  0.00
     0.00,  0.58  0.48  0.03  0.54 -0.37  0.00  0.00  0.00  0.00  0.00  0.00
     0.00, -0.37 -0.41 -0.51  0.56 -0.34  0.00  0.00  0.00  0.00  0.00  0.00
     0.00, -0.15  0.41 -0.37  0.33  0.75  0.05  0.00  0.00  0.00  0.00  0.00
     0.00,  0.15 -0.49  0.59  0.50  0.37 -0.04  0.00  0.00  0.00  0.00  0.00
     0.00,  0.07 -0.07  0.00 -0.01  0.00  0.99  0.05  0.00  0.00  0.00  0.00
   
  calculated kicks for trajectory compensation: 
 kick_1:  -0.03006 Tmm
 kick_2:   0.03006 Tmm
      
 the rms value of the second derivative is  0.00000E+00
 the maximum value of the second derivative is  0.00000E+00
      
 the maximum transverse movement of the electron in mu_meter
                  (peak to peak) is  0.30675E+02
      
 the truncated data set has only   1591 data points 
      
 the rms value of the residuals is  0.39596E-02
 the maximum residual is  0.14116E-01
      
 the rms value of the lambda/2-filtered data is  0.35738E-01
 the maximum value of the lambda/2-filtered data is  0.27673E+00
      
 the rms phase error (all data) is    2.487 deg.
 the maximum phase error (all data) is    7.233 deg.
      
 the rms phase error (extrema) is    3.421 deg.
 the maximum phase error (extrema) is    8.648 deg.
      
 the Walker-rms phase error (all data) is   19.139 deg.
 the Walker-maximum phase error (all data) is   32.959 deg.
      
 the Walker-rms phase error (extrema) is    2.905 deg.
 the Walker-maximum phase error (extrema) is    8.233 deg.
  
  phase: straight line subtracted
 -----------------------------------------
 total phase error             2.486749    
 local phase error             2.089731    
 slowly varying phase error   0.9864715    
 oscillatory phase error      0.9185963    
 -----------------------------------------
