mult16bz.dvm
            

 names of parameters as follows : 
b(1) == amplitude, 1st harm.
b(2) == amplitude, 3rd harm.
b(3) == amplitude, 5rd harm.
....                        
b(n) == amplitude, n^th harm.
b(n+1) == lambda, mm.
b(n+2) == x0, 1st harm, mm.
b(n+3) == x0, 3rd harm, mm.
b(n+4) == x0, 5th harm, mm.
....
b(nparm) == x0, n^th harm, mm.

 parameters:
   1 -8.5203890E-03
   2  1.3482415E-04
   3  2.2942439E-04
   4  6.4534083E-06
   5 -4.6554264E-06
   6  5.6015385E+01
   7  1.0395442E+03
   8  1.0400292E+03
   9  1.0433430E+03
  10  1.3849404E+01
  11 -1.4303125E+00
 number of iterations:   11
     sumsq:  9.09866E-03
       rms:  2.39216E-03  dimension of magnetic field
       rms:  2.80749E+01  percent of b_eff
   rms_ext:  2.31195E+01  percent of b_eff
 B_eff =   8.5206E-03
 B_max =  -8.5062E-03
 K_eff =    0.045
 lamda_1 (nm) =      2.54280

        eigenvectors in parameter space

 error                         direction
    18.12,  0.00  0.00  0.00  0.00  0.00  0.00  0.00  0.00  0.00  0.01  1.00
    16.80,  0.00  0.00  0.00  0.00  0.00  0.00  0.00  0.00  0.00  1.00 -0.01
     1.88,  0.00  0.00  0.00  0.00  0.00  0.00  0.00  1.00  0.00  0.00  0.00
     0.66,  0.00  0.00  0.00  0.00  0.00  0.00  0.00  0.00  1.00  0.00  0.00
     0.10,  0.00  0.00  0.00  0.00  0.00 -0.05  1.00  0.00  0.00  0.00  0.00
     0.01,  0.00  0.00  0.00  0.00  0.00  1.00  0.05  0.00  0.00  0.00  0.00
     0.00, -0.17  0.09  0.69  0.25 -0.65  0.00  0.00  0.00  0.00  0.00  0.00
     0.00,  0.64  0.72  0.11  0.22  0.13  0.00  0.00  0.00  0.00  0.00  0.00
     0.00,  0.58 -0.42 -0.40  0.20 -0.54  0.00  0.00  0.00  0.00  0.00  0.00
     0.00, -0.28 -0.05 -0.19  0.91  0.22  0.00  0.00  0.00  0.00  0.00  0.00
     0.00,  0.39 -0.55  0.57  0.10  0.46  0.00  0.00  0.00  0.00  0.00  0.00
   
  calculated kicks for trajectory compensation: 
 kick_1:  -0.00664 Tmm
 kick_2:   0.00664 Tmm
      
 the rms value of the second derivative is  0.00000E+00
 the maximum value of the second derivative is  0.00000E+00
      
 the maximum transverse movement of the electron in mu_meter
                  (peak to peak) is  0.41071E+01
      
 the truncated data set has only   1590 data points 
      
 the rms value of the residuals is  0.23922E-02
 the maximum residual is  0.96392E-02
      
 the rms value of the lambda/2-filtered data is  0.12236E-02
 the maximum value of the lambda/2-filtered data is  0.45569E-02
      
 the rms phase error (all data) is    0.758 deg.
 the maximum phase error (all data) is    2.069 deg.
      
 the rms phase error (extrema) is    3.122 deg.
 the maximum phase error (extrema) is    5.301 deg.
      
 the Walker-rms phase error (all data) is    0.758 deg.
 the Walker-maximum phase error (all data) is    2.029 deg.
      
 the Walker-rms phase error (extrema) is    0.772 deg.
 the Walker-maximum phase error (extrema) is    1.990 deg.
  
  phase: straight line subtracted
 -----------------------------------------
 total phase error            0.7577938    
 local phase error            0.3374305    
 slowly varying phase error   0.6783820    
 oscillatory phase error      1.3784045E-02
 -----------------------------------------
