mult1by.dvm 
            

 names of parameters as follows : 
b(1) == amplitude, 1st harm.
b(2) == amplitude, 3rd harm.
b(3) == amplitude, 5rd harm.
....                        
b(n) == amplitude, n^th harm.
b(n+1) == lambda, mm.
b(n+2) == x0, 1st harm, mm.
b(n+3) == x0, 3rd harm, mm.
b(n+4) == x0, 5th harm, mm.
....
b(nparm) == x0, n^th harm, mm.

 parameters:
   1  4.8766369E-01
   2 -4.1397791E-03
   3 -2.0801721E-03
   4 -4.6448749E-05
   5  2.4582047E-05
   6  5.5983135E+01
   7  1.0438699E+03
   8  1.0438467E+03
   9  1.0439042E+03
  10  7.4332136E-01
  11 -3.8886990E+01
 number of iterations:    8
     sumsq:  1.51437E-02
       rms:  3.08518E-03  dimension of magnetic field
       rms:  6.32642E-01  percent of b_eff
   rms_ext:  6.52197E-01  percent of b_eff
 B_eff =   4.8767E-01
 B_max =   4.8151E-01
 K_eff =    2.551
 lamda_1 (nm) =     10.80383

        eigenvectors in parameter space

 error                         direction
     4.42,  0.00  0.00  0.00  0.00  0.00  0.00  0.00  0.00  0.00  0.00  1.00
     3.01,  0.00  0.00  0.00  0.00  0.00  0.00  0.00  0.00  0.00  1.00  0.00
     0.09,  0.00  0.00  0.00  0.00  0.00  0.00  0.00  0.01  1.00  0.00  0.00
     0.08,  0.00  0.00  0.00  0.00  0.00  0.00  0.00  1.00 -0.01  0.00  0.00
     0.00,  0.00  0.00  0.00  0.00  0.00 -0.05  1.00  0.00  0.00  0.00  0.00
     0.00,  0.00  0.00  0.00  0.00  0.00  1.00  0.05  0.00  0.00  0.00  0.00
     0.00, -0.44  0.61  0.63  0.09 -0.17  0.00  0.00  0.00  0.00  0.00  0.00
     0.00,  0.69  0.20  0.39 -0.57  0.10  0.00  0.00  0.00  0.00  0.00  0.00
     0.00,  0.52  0.52 -0.24  0.64 -0.01  0.00  0.00  0.00  0.00  0.00  0.00
     0.00, -0.12  0.04  0.13  0.13  0.98  0.00  0.00  0.00  0.00  0.00  0.00
     0.00,  0.23 -0.56  0.61  0.49 -0.10  0.00  0.00  0.00  0.00  0.00  0.00
   
  calculated kicks for trajectory compensation: 
 kick_1:   0.28735 Tmm
 kick_2:  -0.28735 Tmm
      
 the rms value of the second derivative is  0.00000E+00
 the maximum value of the second derivative is  0.00000E+00
      
 the maximum transverse movement of the electron in mu_meter
                  (peak to peak) is  0.26433E+02
      
 the truncated data set has only   1591 data points 
      
 the rms value of the residuals is  0.30852E-02
 the maximum residual is  0.10016E-01
      
 the rms value of the lambda/2-filtered data is  0.17775E-01
 the maximum value of the lambda/2-filtered data is  0.15107E+00
      
 the rms phase error (all data) is    9.951 deg.
 the maximum phase error (all data) is   27.244 deg.
      
 the rms phase error (extrema) is   12.558 deg.
 the maximum phase error (extrema) is   36.836 deg.
      
 the Walker-rms phase error (all data) is   18.427 deg.
 the Walker-maximum phase error (all data) is   46.743 deg.
      
 the Walker-rms phase error (extrema) is   11.186 deg.
 the Walker-maximum phase error (extrema) is   27.775 deg.
  
  phase: straight line subtracted
 -----------------------------------------
 total phase error             9.950967    
 local phase error             3.092810    
 slowly varying phase error    8.236352    
 oscillatory phase error       4.649599    
 -----------------------------------------
