mult10bz.dvm
            

 names of parameters as follows : 
b(1) == amplitude, 1st harm.
b(2) == amplitude, 3rd harm.
b(3) == amplitude, 5rd harm.
....                        
b(n) == amplitude, n^th harm.
b(n+1) == lambda, mm.
b(n+2) == x0, 1st harm, mm.
b(n+3) == x0, 3rd harm, mm.
b(n+4) == x0, 5th harm, mm.
....
b(nparm) == x0, n^th harm, mm.

 parameters:
   1 -7.1534328E-03
   2  3.4111275E-05
   3  5.7575915E-05
   4 -3.3412814E-06
   5 -1.3301682E-06
   6  5.6051102E+01
   7  1.0438031E+03
   8  9.7416309E+02
   9  4.7404471E+02
  10 -1.5724447E+00
  11 -2.2395387E+00
 number of iterations:   19
     sumsq:  4.08961E-03
       rms:  1.60327E-03  dimension of magnetic field
       rms:  2.24125E+01  percent of b_eff
   rms_ext:  4.99149E+00  percent of b_eff
 B_eff =   7.1535E-03
 B_max =  -7.1303E-03
 K_eff =    0.037
 lamda_1 (nm) =      2.54206

        eigenvectors in parameter space

 error                         direction
    42.51,  0.00  0.00  0.00  0.00  0.00  0.00  0.00  0.00  0.00  0.00  1.00
    21.76,  0.00  0.00  0.00  0.00  0.00  0.00  0.00  0.00  0.00  1.00  0.00
     4.98,  0.00  0.00  0.00  0.00  0.00  0.00  0.00  1.00  0.00  0.00  0.00
     1.77,  0.00  0.00  0.00  0.00  0.00  0.00  0.00  0.00  1.00  0.00  0.00
     0.08,  0.00  0.00  0.00  0.00  0.00 -0.05  1.00  0.00  0.00  0.00  0.00
     0.01,  0.00  0.00  0.00  0.00  0.00  1.00  0.05  0.00  0.00  0.00  0.00
     0.00, -0.60 -0.21  0.18  0.68 -0.32  0.00  0.00  0.00  0.00  0.00  0.00
     0.00, -0.11  0.72 -0.04 -0.18 -0.66  0.00  0.00  0.00  0.00  0.00  0.00
     0.00,  0.78 -0.14  0.19  0.40 -0.41  0.00  0.00  0.00  0.00  0.00  0.00
     0.00, -0.03  0.17  0.96 -0.15  0.18  0.00  0.00  0.00  0.00  0.00  0.00
     0.00,  0.12  0.62 -0.11  0.57  0.51  0.00  0.00  0.00  0.00  0.00  0.00
   
  calculated kicks for trajectory compensation: 
 kick_1:   0.26428 Tmm
 kick_2:  -0.26428 Tmm
      
 the rms value of the second derivative is  0.00000E+00
 the maximum value of the second derivative is  0.00000E+00
      
 the maximum transverse movement of the electron in mu_meter
                  (peak to peak) is  0.70844E+01
      
 the truncated data set has only   1591 data points 
      
 the rms value of the residuals is  0.16033E-02
 the maximum residual is  0.58984E-02
      
 the rms value of the lambda/2-filtered data is  0.16432E-02
 the maximum value of the lambda/2-filtered data is  0.13565E-01
      
 the rms phase error (all data) is    1.620 deg.
 the maximum phase error (all data) is    5.495 deg.
      
 the rms phase error (extrema) is    6.199 deg.
 the maximum phase error (extrema) is    9.004 deg.
      
 the Walker-rms phase error (all data) is    1.622 deg.
 the Walker-maximum phase error (all data) is    5.598 deg.
      
 the Walker-rms phase error (extrema) is    2.233 deg.
 the Walker-maximum phase error (extrema) is    3.666 deg.
  
  phase: straight line subtracted
 -----------------------------------------
 total phase error             1.619670    
 local phase error            0.5696008    
 slowly varying phase error  NaN           
 oscillatory phase error     NaN           
 -----------------------------------------
