mult3by.dvm 
            

 names of parameters as follows : 
b(1) == amplitude, 1st harm.
b(2) == amplitude, 3rd harm.
b(3) == amplitude, 5rd harm.
....                        
b(n) == amplitude, n^th harm.
b(n+1) == lambda, mm.
b(n+2) == x0, 1st harm, mm.
b(n+3) == x0, 3rd harm, mm.
b(n+4) == x0, 5th harm, mm.
....
b(nparm) == x0, n^th harm, mm.

 parameters:
   1  7.5969547E-01
   2 -5.9403465E-03
   3 -7.1278489E-03
   4 -8.9345340E-05
   5  1.8607751E-04
   6  5.5983040E+01
   7  1.0438622E+03
   8  1.0437078E+03
   9  1.0439174E+03
  10  2.5023678E-01
  11 -7.2709689E+00
 number of iterations:   10
     sumsq:  2.59829E-02
       rms:  4.04118E-03  dimension of magnetic field
       rms:  5.31945E-01  percent of b_eff
   rms_ext:  5.12543E-01  percent of b_eff
 B_eff =   7.5970E-01
 B_max =   7.4691E-01
 K_eff =    3.974
 lamda_1 (nm) =     22.59448

        eigenvectors in parameter space

 error                         direction
     2.05,  0.00  0.00  0.00  0.00  0.00  0.00  0.00  0.00  0.00  1.00  0.00
     0.76,  0.00  0.00  0.00  0.00  0.00  0.00  0.00  0.00  0.00  0.00  1.00
     0.07,  0.00  0.00  0.00  0.00  0.00  0.00  0.00  1.00  0.00  0.00  0.00
     0.04,  0.00  0.00  0.00  0.00  0.00  0.00  0.00  0.00  1.00  0.00  0.00
     0.00,  0.00  0.00  0.00  0.00  0.00 -0.05  1.00  0.00  0.00  0.00  0.00
     0.00, -0.01  0.01  0.00  0.00  0.00  1.00  0.05  0.00  0.00  0.00  0.00
     0.00, -0.54  0.46  0.62  0.14 -0.30 -0.01  0.00  0.00  0.00  0.00  0.00
     0.00,  0.64  0.44  0.43 -0.42  0.20  0.00  0.00  0.00  0.00  0.00  0.00
     0.00,  0.44  0.40 -0.23  0.70 -0.32  0.00  0.00  0.00  0.00  0.00  0.00
     0.00, -0.26  0.43 -0.21  0.22  0.81 -0.01  0.00  0.00  0.00  0.00  0.00
     0.00,  0.18 -0.50  0.58  0.52  0.34  0.01  0.00  0.00  0.00  0.00  0.00
   
  calculated kicks for trajectory compensation: 
 kick_1:   0.20091 Tmm
 kick_2:  -0.20091 Tmm
      
 the rms value of the second derivative is  0.00000E+00
 the maximum value of the second derivative is  0.00000E+00
      
 the maximum transverse movement of the electron in mu_meter
                  (peak to peak) is  0.29909E+02
      
 the truncated data set has only   1591 data points 
      
 the rms value of the residuals is  0.40412E-02
 the maximum residual is  0.12117E-01
      
 the rms value of the lambda/2-filtered data is  0.26968E-01
 the maximum value of the lambda/2-filtered data is  0.21848E+00
      
 the rms phase error (all data) is    8.726 deg.
 the maximum phase error (all data) is   21.456 deg.
      
 the rms phase error (extrema) is    9.758 deg.
 the maximum phase error (extrema) is   21.790 deg.
      
 the Walker-rms phase error (all data) is   20.028 deg.
 the Walker-maximum phase error (all data) is   45.014 deg.
      
 the Walker-rms phase error (extrema) is    9.015 deg.
 the Walker-maximum phase error (extrema) is   20.276 deg.
  
  phase: straight line subtracted
 -----------------------------------------
 total phase error             8.725709    
 local phase error             2.768570    
 slowly varying phase error    7.926221    
 oscillatory phase error       2.376561    
 -----------------------------------------
