mult26by.dvm
            

 names of parameters as follows : 
b(1) == amplitude, 1st harm.
b(2) == amplitude, 3rd harm.
b(3) == amplitude, 5rd harm.
....                        
b(n) == amplitude, n^th harm.
b(n+1) == lambda, mm.
b(n+2) == x0, 1st harm, mm.
b(n+3) == x0, 3rd harm, mm.
b(n+4) == x0, 5th harm, mm.
....
b(nparm) == x0, n^th harm, mm.

 parameters:
   1  9.6013516E-01
   2 -9.6064089E-03
   3 -9.6516293E-03
   4 -1.7818015E-04
   5  2.1603866E-04
   6  5.5981251E+01
   7  1.0438429E+03
   8  1.0436182E+03
   9  1.0439116E+03
  10  2.5274327E-01
  11 -1.9770884E+01
 number of iterations:    9
     sumsq:  5.06561E-02
       rms:  5.64262E-03  dimension of magnetic field
       rms:  5.87686E-01  percent of b_eff
   rms_ext:  5.92234E-01  percent of b_eff
 B_eff =   9.6014E-01
 B_max =   9.4131E-01
 K_eff =    5.022
 lamda_1 (nm) =     34.57295

        eigenvectors in parameter space

 error                         direction
     1.43,  0.00  0.00  0.00  0.00  0.00  0.00  0.00  0.00  0.00  1.00  0.00
     0.92,  0.00  0.00  0.00  0.00  0.00  0.00  0.00  0.00  0.00  0.00  1.00
     0.06,  0.00  0.00  0.00  0.00  0.00  0.00  0.00  1.00  0.00  0.00  0.00
     0.04,  0.00  0.00  0.00  0.00  0.00  0.00  0.00  0.00  1.00  0.00  0.00
     0.00,  0.00  0.00  0.00  0.00  0.00 -0.05  1.00  0.00  0.00  0.00  0.00
     0.00, -0.46  0.41  0.13  0.17 -0.08  0.75  0.04  0.00  0.00  0.00  0.00
     0.00,  0.37  0.46  0.58 -0.50  0.26  0.01  0.00  0.00  0.00  0.00  0.00
     0.00,  0.61  0.46 -0.15  0.58 -0.23 -0.01  0.00  0.00  0.00  0.00  0.00
     0.00,  0.11  0.08 -0.50  0.02  0.83  0.19  0.01  0.00  0.00  0.00  0.00
     0.00, -0.35  0.11  0.45  0.56  0.39 -0.44 -0.02  0.00  0.00  0.00  0.00
     0.00, -0.37  0.62 -0.41 -0.27 -0.15 -0.45 -0.02  0.00  0.00  0.00  0.00
   
  calculated kicks for trajectory compensation: 
 kick_1:   0.08055 Tmm
 kick_2:  -0.08055 Tmm
      
 the rms value of the second derivative is  0.00000E+00
 the maximum value of the second derivative is  0.00000E+00
      
 the maximum transverse movement of the electron in mu_meter
                  (peak to peak) is  0.33006E+02
      
 the truncated data set has only   1591 data points 
      
 the rms value of the residuals is  0.56426E-02
 the maximum residual is  0.20418E-01
      
 the rms value of the lambda/2-filtered data is  0.33924E-01
 the maximum value of the lambda/2-filtered data is  0.26330E+00
      
 the rms phase error (all data) is    3.142 deg.
 the maximum phase error (all data) is   10.235 deg.
      
 the rms phase error (extrema) is    3.712 deg.
 the maximum phase error (extrema) is   10.231 deg.
      
 the Walker-rms phase error (all data) is   19.096 deg.
 the Walker-maximum phase error (all data) is   35.159 deg.
      
 the Walker-rms phase error (extrema) is    3.838 deg.
 the Walker-maximum phase error (extrema) is   10.210 deg.
  
  phase: straight line subtracted
 -----------------------------------------
 total phase error             3.142488    
 local phase error             3.174600    
 slowly varying phase error  NaN           
 oscillatory phase error      0.8054984    
 -----------------------------------------
