mult30by.dvm
            

 names of parameters as follows : 
b(1) == amplitude, 1st harm.
b(2) == amplitude, 3rd harm.
b(3) == amplitude, 5rd harm.
....                        
b(n) == amplitude, n^th harm.
b(n+1) == lambda, mm.
b(n+2) == x0, 1st harm, mm.
b(n+3) == x0, 3rd harm, mm.
b(n+4) == x0, 5th harm, mm.
....
b(nparm) == x0, n^th harm, mm.

 parameters:
   1  6.2156570E-01
   2 -5.0562057E-03
   3 -4.4657043E-03
   4 -6.3188338E-05
   5  9.9023462E-05
   6  5.5980770E+01
   7  1.0438457E+03
   8  1.0437700E+03
   9  1.0438934E+03
  10  3.5400480E-01
  11 -7.2207365E+00
 number of iterations:    7
     sumsq:  3.00268E-02
       rms:  4.34430E-03  dimension of magnetic field
       rms:  6.98925E-01  percent of b_eff
   rms_ext:  7.41277E-01  percent of b_eff
 B_eff =   6.2157E-01
 B_max =   6.1221E-01
 K_eff =    3.251
 lamda_1 (nm) =     15.96484

        eigenvectors in parameter space

 error                         direction
     3.11,  0.00  0.00  0.00  0.00  0.00  0.00  0.00  0.00  0.00  1.00  0.00
     1.54,  0.00  0.00  0.00  0.00  0.00  0.00  0.00  0.00  0.00  0.00  1.00
     0.09,  0.00  0.00  0.00  0.00  0.00  0.00  0.00  1.00  0.00  0.00  0.00
     0.06,  0.00  0.00  0.00  0.00  0.00  0.00  0.00  0.00  1.00  0.00  0.00
     0.00,  0.00  0.00  0.00  0.00  0.00 -0.05  1.00  0.00  0.00  0.00  0.00
     0.00, -0.01  0.01  0.00  0.00  0.00  1.00  0.05  0.00  0.00  0.00  0.00
     0.00,  0.51  0.57  0.56 -0.32  0.08  0.00  0.00  0.00  0.00  0.00  0.00
     0.00,  0.70 -0.33 -0.48 -0.24  0.34  0.01  0.00  0.00  0.00  0.00  0.00
     0.00,  0.40  0.36 -0.27  0.72 -0.35  0.00  0.00  0.00  0.00  0.00  0.00
     0.00, -0.25  0.43 -0.20  0.24  0.81 -0.01  0.00  0.00  0.00  0.00  0.00
     0.00,  0.19 -0.50  0.59  0.51  0.31  0.00  0.00  0.00  0.00  0.00  0.00
   
  calculated kicks for trajectory compensation: 
 kick_1:   0.06822 Tmm
 kick_2:  -0.06822 Tmm
      
 the rms value of the second derivative is  0.00000E+00
 the maximum value of the second derivative is  0.00000E+00
      
 the maximum transverse movement of the electron in mu_meter
                  (peak to peak) is  0.23387E+02
      
 the truncated data set has only   1591 data points 
      
 the rms value of the residuals is  0.43443E-02
 the maximum residual is  0.11649E-01
      
 the rms value of the lambda/2-filtered data is  0.22279E-01
 the maximum value of the lambda/2-filtered data is  0.17509E+00
      
 the rms phase error (all data) is    4.070 deg.
 the maximum phase error (all data) is   14.620 deg.
      
 the rms phase error (extrema) is    5.059 deg.
 the maximum phase error (extrema) is   12.743 deg.
      
 the Walker-rms phase error (all data) is   17.561 deg.
 the Walker-maximum phase error (all data) is   36.674 deg.
      
 the Walker-rms phase error (extrema) is    4.853 deg.
 the Walker-maximum phase error (extrema) is   15.167 deg.
  
  phase: straight line subtracted
 -----------------------------------------
 total phase error             4.070117    
 local phase error             3.564743    
 slowly varying phase error   0.7086580    
 oscillatory phase error       1.832010    
 -----------------------------------------
