mult1bz.dvm 
            

 names of parameters as follows : 
b(1) == amplitude, 1st harm.
b(2) == amplitude, 3rd harm.
b(3) == amplitude, 5rd harm.
....                        
b(n) == amplitude, n^th harm.
b(n+1) == lambda, mm.
b(n+2) == x0, 1st harm, mm.
b(n+3) == x0, 3rd harm, mm.
b(n+4) == x0, 5th harm, mm.
....
b(nparm) == x0, n^th harm, mm.

 parameters:
   1 -7.1237779E-01
   2  1.3779533E-03
   3  3.5415746E-03
   4 -8.4266423E-05
   5 -1.5553929E-05
   6  5.5981213E+01
   7  1.0458849E+03
   8  1.0442285E+03
   9  1.0459648E+03
  10 -2.5348141E+01
  11 -1.5075357E+02
 number of iterations:    8
     sumsq:  1.05245E-02
       rms:  2.57197E-03  dimension of magnetic field
       rms:  3.61040E-01  percent of b_eff
   rms_ext:  3.92413E-01  percent of b_eff
 B_eff =   7.1238E-01
 B_max =  -7.0774E-01
 K_eff =    3.726
 lamda_1 (nm) =     20.17397

        eigenvectors in parameter space

 error                         direction
     5.82,  0.00  0.00  0.00  0.00  0.00  0.00  0.00  0.00  0.00  0.00  1.00
     1.38,  0.00  0.00  0.00  0.00  0.00  0.00  0.00  0.00  0.00  1.00  0.00
     0.20,  0.00  0.00  0.00  0.00  0.00  0.00  0.00  1.00  0.00  0.00  0.00
     0.05,  0.00  0.00  0.00  0.00  0.00  0.00  0.00  0.00  1.00  0.00  0.00
     0.00,  0.00  0.00  0.00  0.00  0.00 -0.05  1.00  0.00  0.00  0.00  0.00
     0.00,  0.01 -0.01  0.00  0.00  0.00  1.00  0.05  0.00  0.00  0.00  0.00
     0.00, -0.27  0.27  0.64  0.61 -0.27  0.00  0.00  0.00  0.00  0.00  0.00
     0.00,  0.94  0.15  0.19  0.21  0.13 -0.01  0.00  0.00  0.00  0.00  0.00
     0.00, -0.16  0.50  0.40 -0.43  0.62  0.01  0.00  0.00  0.00  0.00  0.00
     0.00,  0.06  0.76 -0.33 -0.19 -0.52  0.01  0.00  0.00  0.00  0.00  0.00
     0.00, -0.14  0.28 -0.54  0.60  0.50  0.00  0.00  0.00  0.00  0.00  0.00
   
  calculated kicks for trajectory compensation: 
 kick_1:   0.07763 Tmm
 kick_2:  -0.07763 Tmm
      
 the rms value of the second derivative is  0.00000E+00
 the maximum value of the second derivative is  0.00000E+00
      
 the maximum transverse movement of the electron in mu_meter
                  (peak to peak) is  0.24330E+02
      
 the truncated data set has only   1591 data points 
      
 the rms value of the residuals is  0.25720E-02
 the maximum residual is  0.17427E-01
      
 the rms value of the lambda/2-filtered data is  0.23104E-01
 the maximum value of the lambda/2-filtered data is  0.15358E+00
      
 the rms phase error (all data) is    2.347 deg.
 the maximum phase error (all data) is   10.929 deg.
      
 the rms phase error (extrema) is    3.074 deg.
 the maximum phase error (extrema) is    6.807 deg.
      
 the Walker-rms phase error (all data) is   17.807 deg.
 the Walker-maximum phase error (all data) is   30.938 deg.
      
 the Walker-rms phase error (extrema) is    2.710 deg.
 the Walker-maximum phase error (extrema) is    7.026 deg.
  
  phase: straight line subtracted
 -----------------------------------------
 total phase error             2.347409    
 local phase error             1.660004    
 slowly varying phase error    1.377332    
 oscillatory phase error      0.9261078    
 -----------------------------------------
