mult1by.dvm 
            

 names of parameters as follows : 
b(1) == amplitude, 1st harm.
b(2) == amplitude, 3rd harm.
b(3) == amplitude, 5rd harm.
....                        
b(n) == amplitude, n^th harm.
b(n+1) == lambda, mm.
b(n+2) == x0, 1st harm, mm.
b(n+3) == x0, 3rd harm, mm.
b(n+4) == x0, 5th harm, mm.
....
b(nparm) == x0, n^th harm, mm.

 parameters:
   1 -2.4836343E-02
   2  5.0031143E-04
   3  5.8086577E-04
   4 -3.0482770E-05
   5 -4.6475634E-05
   6  5.6039452E+01
   7  1.0469882E+03
   8  1.0464807E+03
   9  1.0455393E+03
  10 -1.0565758E+00
  11 -8.0923128E+00
 number of iterations:    9
     sumsq:  2.59251E-02
       rms:  4.03669E-03  dimension of magnetic field
       rms:  1.62526E+01  percent of b_eff
   rms_ext:  0.00000E+00  percent of b_eff
 B_eff =   2.4837E-02
 B_max =  -2.3926E-02
 K_eff =    0.130
 lamda_1 (nm) =      2.56172

        eigenvectors in parameter space

 error                         direction
     6.01,  0.00  0.00  0.00  0.00  0.00  0.00  0.00  0.00  0.00  1.00  0.00
     3.07,  0.00  0.00  0.00  0.00  0.00  0.00  0.00  0.00  0.00  0.00  1.00
     0.85,  0.00  0.00  0.00  0.00  0.00  0.00  0.00  1.00  0.00  0.00  0.00
     0.44,  0.00  0.00  0.00  0.00  0.00  0.00  0.00  0.00  1.00  0.00  0.00
     0.06,  0.00  0.00  0.00  0.00  0.00 -0.05  1.00  0.00  0.00  0.00  0.00
     0.01,  0.00  0.00  0.00  0.00  0.00  1.00  0.05  0.00  0.00  0.00  0.00
     0.00,  0.69  0.07 -0.28 -0.38  0.55  0.00  0.00  0.00  0.00  0.00  0.00
     0.00,  0.17  0.83  0.49 -0.14 -0.15  0.00  0.00  0.00  0.00  0.00  0.00
     0.00,  0.69 -0.17  0.08  0.55 -0.43  0.00  0.00  0.00  0.00  0.00  0.00
     0.00,  0.08 -0.48  0.82 -0.16  0.27  0.00  0.00  0.00  0.00  0.00  0.00
     0.00, -0.12  0.23  0.07  0.72  0.65  0.00  0.00  0.00  0.00  0.00  0.00
   
  calculated kicks for trajectory compensation: 
 kick_1:  -0.12708 Tmm
 kick_2:   0.12708 Tmm
      
 the rms value of the second derivative is  0.00000E+00
 the maximum value of the second derivative is  0.00000E+00
      
 the maximum transverse movement of the electron in mu_meter
                  (peak to peak) is  0.91478E+01
      
 the truncated data set has only   1591 data points 
      
 the rms value of the residuals is  0.40367E-02
 the maximum residual is  0.24545E-01
      
 the rms value of the lambda/2-filtered data is  0.16644E-01
 the maximum value of the lambda/2-filtered data is  0.10230E+00
      
 the rms phase error (all data) is    2.539 deg.
 the maximum phase error (all data) is   12.919 deg.
      
 the Walker-rms phase error (all data) is    2.532 deg.
 the Walker-maximum phase error (all data) is   12.396 deg.
  
  phase: straight line subtracted
 -----------------------------------------
 total phase error             2.538751    
 local phase error             1.172469    
 slowly varying phase error    2.213177    
 oscillatory phase error      0.4152376    
 -----------------------------------------
